student@compgsp9:~$ cd Desktop
student@compgsp9:~/Desktop$ cd cc16co33
student@compgsp9:~/Desktop/cc16co33$ git add .
student@compgsp9:~/Desktop/cc16co33$ commit
commit: command not found
student@compgsp9:~/Desktop/cc16co33$ git status
On branch master
Changes to be committed:
  (use "git reset HEAD <file>..." to unstage)

	new file:   EXP 1/ctoken
	new file:   EXP 1/ctoken.c
	new file:   EXP 1/ctoken.o
	new file:   EXP 1/e1
	new file:   EXP 1/e1.c
	new file:   EXP 1/e1.cpp
	new file:   EXP 1/e1.o
	modified:   EXP 1/ex1
	modified:   EXP 1/ex1.c
	modified:   EXP 1/ex1.o
	new file:   EXP 1/exp1.c

student@compgsp9:~/Desktop/cc16co33$ git commit -m "entire code"
[master 2b4d953] entire code
 11 files changed, 386 insertions(+), 3 deletions(-)
 create mode 100755 EXP 1/ctoken
 create mode 100644 EXP 1/ctoken.c
 create mode 100644 EXP 1/ctoken.o
 create mode 100755 EXP 1/e1
 create mode 100644 EXP 1/e1.c
 create mode 100644 EXP 1/e1.cpp
 create mode 100644 EXP 1/e1.o
 rewrite EXP 1/ex1 (78%)
 rewrite EXP 1/ex1.o (95%)
 create mode 100644 EXP 1/exp1.c
student@compgsp9:~/Desktop/cc16co33$ git push 
warning: push.default is unset; its implicit value is changing in
Git 2.0 from 'matching' to 'simple'. To squelch this message
and maintain the current behavior after the default changes, use:

  git config --global push.default matching

To squelch this message and adopt the new behavior now, use:

  git config --global push.default simple

When push.default is set to 'matching', git will push local branches
to the remote branches that already exist with the same name.

In Git 2.0, Git will default to the more conservative 'simple'
behavior, which only pushes the current branch to the corresponding
remote branch that 'git pull' uses to update the current branch.

See 'git help config' and search for 'push.default' for further information.
(the 'simple' mode was introduced in Git 1.7.11. Use the similar mode
'current' instead of 'simple' if you sometimes use older versions of Git)

Username for 'https://github.com': Manthan12            
Password for 'https://Manthan12@github.com': 
Counting objects: 19, done.
Delta compression using up to 4 threads.
Compressing objects: 100% (12/12), done.
Writing objects: 100% (14/14), 16.88 KiB | 0 bytes/s, done.
Total 14 (delta 4), reused 0 (delta 0)
remote: Resolving deltas: 100% (4/4), completed with 3 local objects.
To https://github.com/Manthan12/cc16co33.git
   72afbd1..2b4d953  master -> master
student@compgsp9:~/Desktop/cc16co33$ ^C
student@compgsp9:~/Desktop/cc16co33$ 


